// Jest Snapshot v1, https://goo.gl/fbAQLP

exports[`LocaleSelect 1`] = `
<div
  class="MuiFormControl-root"
>
  <label
    class="MuiFormLabel-root MuiInputLabel-root InputLabel MuiInputLabel-formControl MuiInputLabel-animated MuiInputLabel-shrink MuiFormLabel-filled"
    data-shrink="true"
    for="00000000-0000-4000-0000-000000000000"
  >
    <bdi>
      Languages
    </bdi>
  </label>
  <div
    class="MuiInputBase-root MuiInput-root MuiInput-underline MuiInputBase-formControl MuiInput-formControl"
  >
    <div
      aria-haspopup="listbox"
      aria-labelledby="00000000-0000-4000-0000-000000000000"
      class="MuiSelect-root MuiSelect-select Select MuiSelect-selectMenu MuiInputBase-input MuiInput-input"
      id="00000000-0000-4000-0000-000000000000"
      role="button"
      tabindex="0"
    >
      English
    </div>
    <input
      aria-hidden="true"
      class="MuiSelect-nativeInput"
      data-testid="localeSelect"
      tabindex="-1"
      value="en"
    />
    <svg
      aria-hidden="true"
      class="MuiSvgIcon-root MuiSelect-icon"
      focusable="false"
      viewBox="0 0 24 24"
    >
      <path
        d="M7 10l5 5 5-5z"
      />
    </svg>
  </div>
</div>
`;
