// Jest Snapshot v1, https://goo.gl/fbAQLP

exports[`LocaleSelect 1`] = `
<div
  class="MuiFormControl-root css-1nrlq1o-MuiFormControl-root"
>
  <label
    class="MuiFormLabel-root MuiInputLabel-root MuiInputLabel-formControl MuiInputLabel-animated MuiInputLabel-shrink MuiInputLabel-standard MuiFormLabel-colorPrimary MuiFormLabel-filled MuiInputLabel-root MuiInputLabel-formControl MuiInputLabel-animated MuiInputLabel-shrink MuiInputLabel-standard InputLabel css-1c2i806-MuiFormLabel-root-MuiInputLabel-root"
    data-shrink="true"
    for="00000000-0000-4000-0000-000000000000"
  >
    <bdi
      dir="auto"
    >
      Language
    </bdi>
  </label>
  <div
    class="MuiInputBase-root MuiInput-root MuiInput-underline MuiInputBase-colorPrimary MuiInputBase-formControl css-v4u5dn-MuiInputBase-root-MuiInput-root"
  >
    <select
      aria-invalid="false"
      class="MuiNativeSelect-select Select MuiNativeSelect-standard MuiInputBase-input MuiInput-input css-1r38e9g-MuiNativeSelect-select-Select-MuiInputBase-input-MuiInput-input"
      data-testid="localeSelect"
      id="00000000-0000-4000-0000-000000000000"
    >
      <option
        class="css-4kgze8-Option"
        value="en"
      >
        English
      </option>
      <option
        class="css-4kgze8-Option"
        value="he"
      >
        Hebrew - עברית
      </option>
      <option
        class="css-4kgze8-Option"
        value="ja"
      >
        Japanese - 日本語
      </option>
    </select>
    <svg
      aria-hidden="true"
      class="MuiSvgIcon-root MuiSvgIcon-fontSizeMedium MuiNativeSelect-icon MuiNativeSelect-iconStandard css-10bey84-MuiSvgIcon-root-MuiNativeSelect-icon"
      data-testid="ArrowDropDownIcon"
      focusable="false"
      viewBox="0 0 24 24"
    >
      <path
        d="M7 10l5 5 5-5z"
      />
    </svg>
  </div>
</div>
`;
