// Jest Snapshot v1, https://goo.gl/fbAQLP

exports[`LocaleSelect 1`] = `
<div
  class="MuiFormControl-root"
>
  <label
    class="MuiFormLabel-root MuiInputLabel-root InputLabel MuiInputLabel-formControl MuiInputLabel-animated MuiInputLabel-shrink MuiFormLabel-filled"
    data-shrink="true"
    for="00000000-0000-4000-0000-000000000000"
  >
    <bdi
      dir="auto"
    >
      Language
    </bdi>
  </label>
  <div
    class="MuiInputBase-root MuiInput-root MuiInput-underline MuiInputBase-formControl MuiInput-formControl"
  >
    <select
      aria-invalid="false"
      class="MuiSelect-root MuiSelect-select makeStyles-Select-1 makeStyles-Select-2 Select MuiInputBase-input MuiInput-input"
      data-testid="localeSelect"
      id="00000000-0000-4000-0000-000000000000"
    >
      <option
        value="en"
      >
        English
      </option>
      <option
        value="he"
      >
        עברית
      </option>
      <option
        value="ja"
      >
        日本語
      </option>
    </select>
    <svg
      aria-hidden="true"
      class="MuiSvgIcon-root MuiSelect-icon"
      focusable="false"
      viewBox="0 0 24 24"
    >
      <path
        d="M7 10l5 5 5-5z"
      />
    </svg>
  </div>
</div>
`;
