// Jest Snapshot v1, https://goo.gl/fbAQLP

exports[`App at / 1`] = `
<div>
  <header
    class="MuiPaper-root MuiAppBar-root MuiAppBar-positionSticky MuiAppBar-colorPrimary MuiPaper-elevation4"
  >
    <div
      class="MuiToolbar-root MuiToolbar-regular MuiToolbar-gutters"
    >
      <button
        class="MuiButtonBase-root MuiIconButton-root MuiIconButton-colorInherit MuiIconButton-edgeStart"
        tabindex="0"
        type="button"
      >
        <span
          class="MuiIconButton-label"
        >
          <svg
            aria-hidden="true"
            class="MuiSvgIcon-root"
            focusable="false"
            viewBox="0 0 24 24"
          >
            <path
              d="M3 18h18v-2H3v2zm0-5h18v-2H3v2zm0-7v2h18V6H3z"
            />
          </svg>
        </span>
        <span
          class="MuiTouchRipple-root"
        />
      </button>
      <div
        class="Spacer"
      />
      <span
        class="MuiSwitch-root"
      >
        <span
          aria-disabled="false"
          class="MuiButtonBase-root MuiIconButton-root PrivateSwitchBase-root-1 MuiSwitch-switchBase MuiSwitch-colorSecondary"
        >
          <span
            class="MuiIconButton-label"
          >
            <input
              class="PrivateSwitchBase-input-4 MuiSwitch-input"
              type="checkbox"
              value=""
            />
            <span
              class="MuiSwitch-thumb"
            />
          </span>
          <span
            class="MuiTouchRipple-root"
          />
        </span>
        <span
          class="MuiSwitch-track"
        />
      </span>
      <div
        class="MuiFormControl-root"
      >
        <label
          class="MuiFormLabel-root MuiInputLabel-root LocaleSelectLabel InputLabel MuiInputLabel-formControl MuiInputLabel-animated MuiInputLabel-shrink MuiInputLabel-filled MuiFormLabel-filled"
          data-shrink="true"
          for="00000000-0000-4000-0000-000000000000"
        >
          <bdi>
            Languages
          </bdi>
        </label>
        <div
          class="MuiInputBase-root MuiFilledInput-root MuiFilledInput-underline LocaleSelectInput MuiInputBase-formControl"
        >
          <div
            aria-haspopup="listbox"
            aria-labelledby="00000000-0000-4000-0000-000000000000"
            class="MuiSelect-root MuiSelect-select Select MuiSelect-selectMenu MuiSelect-filled MuiInputBase-input MuiFilledInput-input"
            id="00000000-0000-4000-0000-000000000000"
            role="button"
            style="min-width: 0px;"
            tabindex="0"
          >
            English
          </div>
          <input
            aria-hidden="true"
            class="MuiSelect-nativeInput"
            data-testid="localeSelect"
            tabindex="-1"
            value="en"
          />
          <svg
            aria-hidden="true"
            class="MuiSvgIcon-root MuiSelect-icon LocaleSelectSelectIcon MuiSelect-iconFilled"
            focusable="false"
            viewBox="0 0 24 24"
          >
            <path
              d="M7 10l5 5 5-5z"
            />
          </svg>
        </div>
      </div>
    </div>
  </header>
  <p
    class="MuiTypography-root MuiTypography-body1"
  >
    <bdi>
      $100.00
    </bdi>
  </p>
  <p
    class="MuiTypography-root MuiTypography-body1"
  >
    <bdi>
      Jul 27, 2019
    </bdi>
     
    <bdi>
      09:00:00
    </bdi>
  </p>
  <button
    class="MuiButtonBase-root MuiButton-root MuiButton-outlined"
    tabindex="0"
    type="button"
  >
    <span
      class="MuiButton-label"
    >
      <bdi>
        Set the clock
      </bdi>
    </span>
    <span
      class="MuiTouchRipple-root"
    />
  </button>
  <div
    class="MuiFormControl-root MuiTextField-root"
  >
    <div
      class="MuiInputBase-root MuiOutlinedInput-root MuiInputBase-formControl MuiInputBase-adornedEnd MuiOutlinedInput-adornedEnd"
    >
      <input
        aria-invalid="false"
        class="MuiInputBase-input MuiOutlinedInput-input MuiInputBase-inputAdornedEnd MuiOutlinedInput-inputAdornedEnd"
        type="text"
        value=""
      />
      <div
        class="MuiInputAdornment-root MuiInputAdornment-positionEnd"
      >
        <button
          class="MuiButtonBase-root MuiIconButton-root Mui-disabled Mui-disabled"
          disabled=""
          tabindex="-1"
          type="button"
        >
          <span
            class="MuiIconButton-label"
          >
            <svg
              aria-hidden="true"
              class="MuiSvgIcon-root"
              focusable="false"
              style="transform: scaleY(-1);"
              viewBox="0 0 24 24"
            >
              <path
                d="M3 5H1v16c0 1.1.9 2 2 2h16v-2H3V5zm18-4H7c-1.1 0-2 .9-2 2v14c0 1.1.9 2 2 2h14c1.1 0 2-.9 2-2V3c0-1.1-.9-2-2-2zm0 16H7V3h14v14z"
              />
            </svg>
          </span>
        </button>
      </div>
      <fieldset
        aria-hidden="true"
        class="PrivateNotchedOutline-root-7 MuiOutlinedInput-notchedOutline"
        style="padding-left: 8px;"
      >
        <legend
          class="PrivateNotchedOutline-legend-8"
          style="width: 0.01px;"
        >
          <span>
            ​
          </span>
        </legend>
      </fieldset>
    </div>
  </div>
</div>
`;

exports[`App at /chess 1`] = `<div />`;

exports[`App at /clock 1`] = `<div />`;

exports[`App at /counter 1`] = `<div />`;

exports[`App at /info 1`] = `<div />`;

exports[`App at /nonexistent-path 1`] = `<div />`;

exports[`App at /paint 1`] = `<div />`;

exports[`App at /reminder 1`] = `<div />`;
